01:19:02 **** Incremental Build of configuration Debug for project textlcd_uart ****
make pre-build main-build 
a9-linaro-pre-build-step
' '
'Building file: ../src/main.c'
'Invoking: ARM v7 gcc compiler'
arm-none-eabi-gcc -Wall -O0 -g3 -c -fmessage-length=0 -MT"src/main.o" -mcpu=cortex-a9 -mfpu=vfpv3 -mfloat-abi=hard -I../../textlcd_uart_bsp/ps7_cortexa9_0/include -MMD -MP -MF"src/main.d" -MT"src/main.o" -o "src/main.o" "../src/main.c"
'Finished building: ../src/main.c'
' '
'Building target: textlcd_uart.elf'
'Invoking: ARM v7 gcc linker'
arm-none-eabi-gcc -mcpu=cortex-a9 -mfpu=vfpv3 -mfloat-abi=hard -Wl,-build-id=none -specs=Xilinx.spec -Wl,-T -Wl,../src/lscript.ld -L../../textlcd_uart_bsp/ps7_cortexa9_0/lib -o "textlcd_uart.elf"  ./src/main.o   -Wl,--start-group,-lxil,-lgcc,-lc,--end-group
'Finished building target: textlcd_uart.elf'
' '
'Invoking: ARM v7 Print Size'
arm-none-eabi-size textlcd_uart.elf  |tee "textlcd_uart.elf.size"
   text	   data	    bss	    dec	    hex	filename
  20976	   1144	  22568	  44688	   ae90	textlcd_uart.elf
'Finished building: textlcd_uart.elf.size'
' '

01:19:05 Build Finished (took 3s.168ms)

